OLED.c:97:6:OLED_W_SCL	8	static
OLED.c:117:6:OLED_W_SDA	8	static
OLED.c:133:6:OLED_GPIO_Init	8	static
OLED.c:169:6:OLED_I2C_Start	8	static
OLED.c:182:6:OLED_I2C_Stop	8	static
OLED.c:194:6:OLED_I2C_SendByte	16	static
OLED.c:217:6:OLED_WriteCommand	8	static
OLED.c:232:6:OLED_WriteData	16	static
OLED.c:312:6:OLED_SetCursor	8	static
OLED.c:339:10:OLED_Pow	0	static
OLED.c:356:9:OLED_pnpoly	28	static
OLED.c:380:9:OLED_IsInAngle	24	static
OLED.c:417:6:OLED_Update	8	static
OLED.c:444:6:OLED_UpdateArea	32	static
OLED.c:471:6:OLED_Clear	0	static
OLED.c:258:6:OLED_Init	8	static
OLED.c:492:6:OLED_ClearArea	20	static
OLED.c:517:6:OLED_Reverse	0	static
OLED.c:538:6:OLED_ReverseArea	20	static
OLED.c:821:6:OLED_ShowImage	48	static
OLED.c:568:6:OLED_ShowChar	16	static
OLED.c:593:6:OLED_ShowString	24	static
OLED.c:615:6:OLED_ShowNum	32	static
OLED.c:639:6:OLED_ShowSignedNum	32	static
OLED.c:676:6:OLED_ShowHexNum	32	static
OLED.c:711:6:OLED_ShowBinNum	32	static
OLED.c:736:6:OLED_ShowFloatNum	56	static
OLED.c:777:6:OLED_ShowChinese	48	static
OLED.c:868:6:OLED_Printf	60	static
OLED.c:885:6:OLED_DrawPoint	4	static
OLED.c:901:9:OLED_GetPoint	0	static
OLED.c:925:6:OLED_DrawLine	40	static
OLED.c:1039:6:OLED_DrawRectangle	32	static
OLED.c:1086:6:OLED_DrawTriangle	64	static
OLED.c:1141:6:OLED_DrawCircle	72	static
OLED.c:1225:6:OLED_DrawEllipse	80	static
OLED.c:1338:6:OLED_DrawArc	56	static
