rtc.c:177:6:RTC_Set_PeriodWakeUp	0	static
rtc.c:205:6:RTC_Alarm_Enable_Int	0	static
rtc.c:224:6:RTC_PeriodWKUP_Enable_Int	0	static
rtc.c:236:6:RTC_PeriodWKUP_Disable_Int	0	static
rtc.c:248:6:RTC_Alarm_Disable_Int	0	static
rtc.c:267:9:RTC_PeriodWKUP_Get_Int	0	static
rtc.c:282:6:RTC_PeriodWKUP_Clear	0	static
rtc.c:295:9:RTC_Alarm_Get_Int	0	static
rtc.c:321:6:RTC_Alarm_Clear	0	static
rtc.c:344:9:RTC_Wait_Synchro	0	static
rtc.c:364:6:Delay_ms	0	static
rtc.c:379:9:RTC_DEC2BCD	0	static
rtc.c:124:6:RTC_Set_Alarm	32	static
rtc.c:396:9:RTC_BCD2DEC	0	static
rtc.c:90:6:RTC_Get_Date	24	static
rtc.c:107:6:RTC_Get_Time	24	static
rtc.c:409:9:RTC_Init_Mode	0	static
rtc.c:19:9:RTC_Init	8	static
rtc.c:52:9:RTC_Set_Date	24	static
rtc.c:71:9:RTC_Set_Time	24	static
